<?xml version="1.0"?>
<link_info>
   <banner>TI ARM Linker PC v5.1.1</banner>
   <copyright>Copyright (c) 1996-2013 Texas Instruments Incorporated</copyright>
   <link_time>0x5346997b</link_time>
   <link_errors>0x0</link_errors>
   <output_file>Kernel.out</output_file>
   <entry_point>
      <name>_c_int00</name>
      <address>0x403066bc</address>
   </entry_point>
   <input_file_list>
      <input_file id="fl-2">
         <path>.\</path>
         <kind>object</kind>
         <file>main.obj</file>
         <name>main.obj</name>
      </input_file>
      <input_file id="fl-3">
         <path>.\</path>
         <kind>object</kind>
         <file>intvecs.obj</file>
         <name>intvecs.obj</name>
      </input_file>
      <input_file id="fl-4">
         <path>.\</path>
         <kind>object</kind>
         <file>boot.obj</file>
         <name>boot.obj</name>
      </input_file>
      <input_file id="fl-134">
         <path>C:\ti\ccsv5\tools\compiler\arm_5.1.1\lib\</path>
         <kind>archive</kind>
         <file>rtsv7A8_A_le_eabi.lib</file>
         <name>args_main.obj</name>
      </input_file>
      <input_file id="fl-135">
         <path>C:\ti\ccsv5\tools\compiler\arm_5.1.1\lib\</path>
         <kind>archive</kind>
         <file>rtsv7A8_A_le_eabi.lib</file>
         <name>auto_init.obj</name>
      </input_file>
      <input_file id="fl-136">
         <path>C:\ti\ccsv5\tools\compiler\arm_5.1.1\lib\</path>
         <kind>archive</kind>
         <file>rtsv7A8_A_le_eabi.lib</file>
         <name>boot.obj</name>
      </input_file>
      <input_file id="fl-137">
         <path>C:\ti\ccsv5\tools\compiler\arm_5.1.1\lib\</path>
         <kind>archive</kind>
         <file>rtsv7A8_A_le_eabi.lib</file>
         <name>copy_decompress_none.obj</name>
      </input_file>
      <input_file id="fl-138">
         <path>C:\ti\ccsv5\tools\compiler\arm_5.1.1\lib\</path>
         <kind>archive</kind>
         <file>rtsv7A8_A_le_eabi.lib</file>
         <name>copy_decompress_rle.obj</name>
      </input_file>
      <input_file id="fl-139">
         <path>C:\ti\ccsv5\tools\compiler\arm_5.1.1\lib\</path>
         <kind>archive</kind>
         <file>rtsv7A8_A_le_eabi.lib</file>
         <name>copy_zero_init.obj</name>
      </input_file>
      <input_file id="fl-13a">
         <path>C:\ti\ccsv5\tools\compiler\arm_5.1.1\lib\</path>
         <kind>archive</kind>
         <file>rtsv7A8_A_le_eabi.lib</file>
         <name>cpy_tbl.obj</name>
      </input_file>
      <input_file id="fl-13b">
         <path>C:\ti\ccsv5\tools\compiler\arm_5.1.1\lib\</path>
         <kind>archive</kind>
         <file>rtsv7A8_A_le_eabi.lib</file>
         <name>exit.obj</name>
      </input_file>
      <input_file id="fl-13c">
         <path>C:\ti\ccsv5\tools\compiler\arm_5.1.1\lib\</path>
         <kind>archive</kind>
         <file>rtsv7A8_A_le_eabi.lib</file>
         <name>memcpy32.obj</name>
      </input_file>
      <input_file id="fl-13d">
         <path>C:\ti\ccsv5\tools\compiler\arm_5.1.1\lib\</path>
         <kind>archive</kind>
         <file>rtsv7A8_A_le_eabi.lib</file>
         <name>printf.obj</name>
      </input_file>
      <input_file id="fl-13e">
         <path>C:\ti\ccsv5\tools\compiler\arm_5.1.1\lib\</path>
         <kind>archive</kind>
         <file>rtsv7A8_A_le_eabi.lib</file>
         <name>stkdepth_vars.obj</name>
      </input_file>
      <input_file id="fl-13f">
         <path>C:\ti\ccsv5\tools\compiler\arm_5.1.1\lib\</path>
         <kind>archive</kind>
         <file>rtsv7A8_A_le_eabi.lib</file>
         <name>_lock.obj</name>
      </input_file>
      <input_file id="fl-140">
         <path>C:\ti\ccsv5\tools\compiler\arm_5.1.1\lib\</path>
         <kind>archive</kind>
         <file>rtsv7A8_A_le_eabi.lib</file>
         <name>_printfi.obj</name>
      </input_file>
      <input_file id="fl-141">
         <path>C:\ti\ccsv5\tools\compiler\arm_5.1.1\lib\</path>
         <kind>archive</kind>
         <file>rtsv7A8_A_le_eabi.lib</file>
         <name>atoi.obj</name>
      </input_file>
      <input_file id="fl-142">
         <path>C:\ti\ccsv5\tools\compiler\arm_5.1.1\lib\</path>
         <kind>archive</kind>
         <file>rtsv7A8_A_le_eabi.lib</file>
         <name>ctype.obj</name>
      </input_file>
      <input_file id="fl-143">
         <path>C:\ti\ccsv5\tools\compiler\arm_5.1.1\lib\</path>
         <kind>archive</kind>
         <file>rtsv7A8_A_le_eabi.lib</file>
         <name>defs.obj</name>
      </input_file>
      <input_file id="fl-144">
         <path>C:\ti\ccsv5\tools\compiler\arm_5.1.1\lib\</path>
         <kind>archive</kind>
         <file>rtsv7A8_A_le_eabi.lib</file>
         <name>fd_add32.obj</name>
      </input_file>
      <input_file id="fl-145">
         <path>C:\ti\ccsv5\tools\compiler\arm_5.1.1\lib\</path>
         <kind>archive</kind>
         <file>rtsv7A8_A_le_eabi.lib</file>
         <name>fd_cmp32.obj</name>
      </input_file>
      <input_file id="fl-146">
         <path>C:\ti\ccsv5\tools\compiler\arm_5.1.1\lib\</path>
         <kind>archive</kind>
         <file>rtsv7A8_A_le_eabi.lib</file>
         <name>fd_div32.obj</name>
      </input_file>
      <input_file id="fl-147">
         <path>C:\ti\ccsv5\tools\compiler\arm_5.1.1\lib\</path>
         <kind>archive</kind>
         <file>rtsv7A8_A_le_eabi.lib</file>
         <name>fd_mul32.obj</name>
      </input_file>
      <input_file id="fl-148">
         <path>C:\ti\ccsv5\tools\compiler\arm_5.1.1\lib\</path>
         <kind>archive</kind>
         <file>rtsv7A8_A_le_eabi.lib</file>
         <name>fd_toi32.obj</name>
      </input_file>
      <input_file id="fl-149">
         <path>C:\ti\ccsv5\tools\compiler\arm_5.1.1\lib\</path>
         <kind>archive</kind>
         <file>rtsv7A8_A_le_eabi.lib</file>
         <name>fputc.obj</name>
      </input_file>
      <input_file id="fl-14a">
         <path>C:\ti\ccsv5\tools\compiler\arm_5.1.1\lib\</path>
         <kind>archive</kind>
         <file>rtsv7A8_A_le_eabi.lib</file>
         <name>fputs.obj</name>
      </input_file>
      <input_file id="fl-14b">
         <path>C:\ti\ccsv5\tools\compiler\arm_5.1.1\lib\</path>
         <kind>archive</kind>
         <file>rtsv7A8_A_le_eabi.lib</file>
         <name>i_tofd32.obj</name>
      </input_file>
      <input_file id="fl-14c">
         <path>C:\ti\ccsv5\tools\compiler\arm_5.1.1\lib\</path>
         <kind>archive</kind>
         <file>rtsv7A8_A_le_eabi.lib</file>
         <name>lowlev.obj</name>
      </input_file>
      <input_file id="fl-14d">
         <path>C:\ti\ccsv5\tools\compiler\arm_5.1.1\lib\</path>
         <kind>archive</kind>
         <file>rtsv7A8_A_le_eabi.lib</file>
         <name>ltoa.obj</name>
      </input_file>
      <input_file id="fl-14e">
         <path>C:\ti\ccsv5\tools\compiler\arm_5.1.1\lib\</path>
         <kind>archive</kind>
         <file>rtsv7A8_A_le_eabi.lib</file>
         <name>memccpy.obj</name>
      </input_file>
      <input_file id="fl-14f">
         <path>C:\ti\ccsv5\tools\compiler\arm_5.1.1\lib\</path>
         <kind>archive</kind>
         <file>rtsv7A8_A_le_eabi.lib</file>
         <name>memchr.obj</name>
      </input_file>
      <input_file id="fl-150">
         <path>C:\ti\ccsv5\tools\compiler\arm_5.1.1\lib\</path>
         <kind>archive</kind>
         <file>rtsv7A8_A_le_eabi.lib</file>
         <name>memset32.obj</name>
      </input_file>
      <input_file id="fl-151">
         <path>C:\ti\ccsv5\tools\compiler\arm_5.1.1\lib\</path>
         <kind>archive</kind>
         <file>rtsv7A8_A_le_eabi.lib</file>
         <name>strchr.obj</name>
      </input_file>
      <input_file id="fl-152">
         <path>C:\ti\ccsv5\tools\compiler\arm_5.1.1\lib\</path>
         <kind>archive</kind>
         <file>rtsv7A8_A_le_eabi.lib</file>
         <name>strcmp.obj</name>
      </input_file>
      <input_file id="fl-153">
         <path>C:\ti\ccsv5\tools\compiler\arm_5.1.1\lib\</path>
         <kind>archive</kind>
         <file>rtsv7A8_A_le_eabi.lib</file>
         <name>strlen.obj</name>
      </input_file>
      <input_file id="fl-154">
         <path>C:\ti\ccsv5\tools\compiler\arm_5.1.1\lib\</path>
         <kind>archive</kind>
         <file>rtsv7A8_A_le_eabi.lib</file>
         <name>strncpy.obj</name>
      </input_file>
      <input_file id="fl-155">
         <path>C:\ti\ccsv5\tools\compiler\arm_5.1.1\lib\</path>
         <kind>archive</kind>
         <file>rtsv7A8_A_le_eabi.lib</file>
         <name>trgdrv.obj</name>
      </input_file>
      <input_file id="fl-156">
         <path>C:\ti\ccsv5\tools\compiler\arm_5.1.1\lib\</path>
         <kind>archive</kind>
         <file>rtsv7A8_A_le_eabi.lib</file>
         <name>trgmsg.obj</name>
      </input_file>
      <input_file id="fl-157">
         <path>C:\ti\ccsv5\tools\compiler\arm_5.1.1\lib\</path>
         <kind>archive</kind>
         <file>rtsv7A8_A_le_eabi.lib</file>
         <name>u_div32.obj</name>
      </input_file>
      <input_file id="fl-158">
         <path>C:\ti\ccsv5\tools\compiler\arm_5.1.1\lib\</path>
         <kind>archive</kind>
         <file>rtsv7A8_A_le_eabi.lib</file>
         <name>ull_div32.obj</name>
      </input_file>
      <input_file id="fl-159">
         <path>C:\ti\ccsv5\tools\compiler\arm_5.1.1\lib\</path>
         <kind>archive</kind>
         <file>rtsv7A8_A_le_eabi.lib</file>
         <name>xdclass.obj</name>
      </input_file>
      <input_file id="fl-15a">
         <path>C:\ti\ccsv5\tools\compiler\arm_5.1.1\lib\</path>
         <kind>archive</kind>
         <file>rtsv7A8_A_le_eabi.lib</file>
         <name>xdtest.obj</name>
      </input_file>
      <input_file id="fl-15b">
         <path>C:\ti\ccsv5\tools\compiler\arm_5.1.1\lib\</path>
         <kind>archive</kind>
         <file>rtsv7A8_A_le_eabi.lib</file>
         <name>_io_perm.obj</name>
      </input_file>
      <input_file id="fl-15c">
         <path>C:\ti\ccsv5\tools\compiler\arm_5.1.1\lib\</path>
         <kind>archive</kind>
         <file>rtsv7A8_A_le_eabi.lib</file>
         <name>fflush.obj</name>
      </input_file>
      <input_file id="fl-15d">
         <path>C:\ti\ccsv5\tools\compiler\arm_5.1.1\lib\</path>
         <kind>archive</kind>
         <file>rtsv7A8_A_le_eabi.lib</file>
         <name>fseek.obj</name>
      </input_file>
      <input_file id="fl-15e">
         <path>C:\ti\ccsv5\tools\compiler\arm_5.1.1\lib\</path>
         <kind>archive</kind>
         <file>rtsv7A8_A_le_eabi.lib</file>
         <name>i_div32.obj</name>
      </input_file>
      <input_file id="fl-15f">
         <path>C:\ti\ccsv5\tools\compiler\arm_5.1.1\lib\</path>
         <kind>archive</kind>
         <file>rtsv7A8_A_le_eabi.lib</file>
         <name>setvbuf.obj</name>
      </input_file>
      <input_file id="fl-160">
         <path>C:\ti\ccsv5\tools\compiler\arm_5.1.1\lib\</path>
         <kind>archive</kind>
         <file>rtsv7A8_A_le_eabi.lib</file>
         <name>strcpy.obj</name>
      </input_file>
      <input_file id="fl-161">
         <path>C:\ti\ccsv5\tools\compiler\arm_5.1.1\lib\</path>
         <kind>archive</kind>
         <file>rtsv7A8_A_le_eabi.lib</file>
         <name>fopen.obj</name>
      </input_file>
      <input_file id="fl-162">
         <path>C:\ti\ccsv5\tools\compiler\arm_5.1.1\lib\</path>
         <kind>archive</kind>
         <file>rtsv7A8_A_le_eabi.lib</file>
         <name>memory.obj</name>
      </input_file>
      <input_file id="fl-163">
         <path>C:\ti\ccsv5\tools\compiler\arm_5.1.1\lib\</path>
         <kind>archive</kind>
         <file>rtsv7A8_A_le_eabi.lib</file>
         <name>fclose.obj</name>
      </input_file>
      <input_file id="fl-164">
         <path>C:\ti\ccsv5\tools\compiler\arm_5.1.1\lib\</path>
         <kind>archive</kind>
         <file>rtsv7A8_A_le_eabi.lib</file>
         <name>remove.obj</name>
      </input_file>
      <input_file id="fl-165">
         <path>C:\Users\GIGI\GitWorkspace\BRO-FHV\Hal\Debug\</path>
         <kind>archive</kind>
         <file>Hal.lib</file>
         <name>hw_cpu.obj</name>
      </input_file>
      <input_file id="fl-166">
         <path>C:\Users\GIGI\GitWorkspace\BRO-FHV\Driver\Debug\</path>
         <kind>archive</kind>
         <file>Driver.lib</file>
         <name>dr_gpio.obj</name>
      </input_file>
      <input_file id="fl-167">
         <path>C:\Users\GIGI\GitWorkspace\BRO-FHV\Driver\Debug\</path>
         <kind>archive</kind>
         <file>Driver.lib</file>
         <name>dr_interrupt.obj</name>
      </input_file>
      <input_file id="fl-168">
         <path>C:\Users\GIGI\GitWorkspace\BRO-FHV\Driver\Debug\</path>
         <kind>archive</kind>
         <file>Driver.lib</file>
         <name>dr_led.obj</name>
      </input_file>
      <input_file id="fl-169">
         <path>C:\Users\GIGI\GitWorkspace\BRO-FHV\Driver\Debug\</path>
         <kind>archive</kind>
         <file>Driver.lib</file>
         <name>dr_timer.obj</name>
      </input_file>
      <input_file id="fl-16a">
         <path>C:\Users\GIGI\GitWorkspace\BRO-FHV\Driver\Debug\</path>
         <kind>archive</kind>
         <file>Driver.lib</file>
         <name>interrupt.obj</name>
      </input_file>
      <input_file id="fl-16b">
         <path>C:\Users\GIGI\GitWorkspace\BRO-FHV\Scheduler\Debug\</path>
         <kind>archive</kind>
         <file>Scheduler.lib</file>
         <name>scheduler.obj</name>
      </input_file>
   </input_file_list>
   <object_component_list>
      <object_component id="oc-a9">
         <name>.text</name>
         <load_address>0x40300000</load_address>
         <run_address>0x40300000</run_address>
         <size>0x16bc</size>
         <input_file_ref idref="fl-140"/>
      </object_component>
      <object_component id="oc-de">
         <name>.text</name>
         <load_address>0x403016bc</load_address>
         <run_address>0x403016bc</run_address>
         <size>0x13ac</size>
         <input_file_ref idref="fl-169"/>
      </object_component>
      <object_component id="oc-195">
         <name>.text</name>
         <load_address>0x40302a68</load_address>
         <run_address>0x40302a68</run_address>
         <size>0x620</size>
         <input_file_ref idref="fl-162"/>
      </object_component>
      <object_component id="oc-107">
         <name>.text</name>
         <load_address>0x40303088</load_address>
         <run_address>0x40303088</run_address>
         <size>0x548</size>
         <input_file_ref idref="fl-14c"/>
      </object_component>
      <object_component id="oc-237">
         <name>.text</name>
         <load_address>0x403035d0</load_address>
         <run_address>0x403035d0</run_address>
         <size>0x4cc</size>
         <input_file_ref idref="fl-155"/>
      </object_component>
      <object_component id="oc-ca">
         <name>.text</name>
         <load_address>0x40303a9c</load_address>
         <run_address>0x40303a9c</run_address>
         <size>0x498</size>
         <input_file_ref idref="fl-166"/>
      </object_component>
      <object_component id="oc-e3">
         <name>.text</name>
         <load_address>0x40303f34</load_address>
         <run_address>0x40303f34</run_address>
         <size>0x3c8</size>
         <input_file_ref idref="fl-16b"/>
      </object_component>
      <object_component id="oc-21f">
         <name>.text</name>
         <load_address>0x403042fc</load_address>
         <run_address>0x403042fc</run_address>
         <size>0x2d8</size>
         <input_file_ref idref="fl-161"/>
      </object_component>
      <object_component id="oc-11a">
         <name>.text</name>
         <load_address>0x403045d4</load_address>
         <run_address>0x403045d4</run_address>
         <size>0x2b8</size>
         <input_file_ref idref="fl-158"/>
      </object_component>
      <object_component id="oc-d9">
         <name>.text</name>
         <load_address>0x4030488c</load_address>
         <run_address>0x4030488c</run_address>
         <size>0x230</size>
         <input_file_ref idref="fl-167"/>
      </object_component>
      <object_component id="oc-13f">
         <name>.text</name>
         <load_address>0x40304abc</load_address>
         <run_address>0x40304abc</run_address>
         <size>0x214</size>
         <input_file_ref idref="fl-144"/>
      </object_component>
      <object_component id="oc-a4">
         <name>.text</name>
         <load_address>0x40304cd0</load_address>
         <run_address>0x40304cd0</run_address>
         <size>0x1c8</size>
         <input_file_ref idref="fl-14a"/>
      </object_component>
      <object_component id="oc-12a">
         <name>.text</name>
         <load_address>0x40304e98</load_address>
         <run_address>0x40304e98</run_address>
         <size>0x190</size>
         <input_file_ref idref="fl-146"/>
      </object_component>
      <object_component id="oc-47">
         <name>.text</name>
         <load_address>0x40305028</load_address>
         <run_address>0x40305028</run_address>
         <size>0x180</size>
         <input_file_ref idref="fl-13c"/>
      </object_component>
      <object_component id="oc-1b4">
         <name>.text</name>
         <load_address>0x403051a8</load_address>
         <run_address>0x403051a8</run_address>
         <size>0x158</size>
         <input_file_ref idref="fl-15f"/>
      </object_component>
      <object_component id="oc-79">
         <name>.text</name>
         <load_address>0x40305300</load_address>
         <run_address>0x40305300</run_address>
         <size>0x14c</size>
         <input_file_ref idref="fl-2"/>
      </object_component>
      <object_component id="oc-cf">
         <name>.text</name>
         <load_address>0x4030544c</load_address>
         <run_address>0x4030544c</run_address>
         <size>0x140</size>
         <input_file_ref idref="fl-168"/>
      </object_component>
      <object_component id="oc-102">
         <name>.text</name>
         <load_address>0x4030558c</load_address>
         <run_address>0x4030558c</run_address>
         <size>0x12c</size>
         <input_file_ref idref="fl-15c"/>
      </object_component>
      <object_component id="oc-126">
         <name>.text</name>
         <load_address>0x403056b8</load_address>
         <run_address>0x403056b8</run_address>
         <size>0x128</size>
         <input_file_ref idref="fl-147"/>
      </object_component>
      <object_component id="oc-fd">
         <name>.text</name>
         <load_address>0x403057e0</load_address>
         <run_address>0x403057e0</run_address>
         <size>0x118</size>
         <input_file_ref idref="fl-15b"/>
      </object_component>
      <object_component id="oc-1e6">
         <name>.text</name>
         <load_address>0x403058f8</load_address>
         <run_address>0x403058f8</run_address>
         <size>0x118</size>
         <input_file_ref idref="fl-15e"/>
      </object_component>
      <object_component id="oc-9f">
         <name>.text</name>
         <load_address>0x40305a10</load_address>
         <run_address>0x40305a10</run_address>
         <size>0x104</size>
         <input_file_ref idref="fl-149"/>
      </object_component>
      <object_component id="oc-259">
         <name>.text</name>
         <load_address>0x40305b14</load_address>
         <run_address>0x40305b14</run_address>
         <size>0xfc</size>
         <input_file_ref idref="fl-163"/>
      </object_component>
      <object_component id="oc-11e">
         <name>.text</name>
         <load_address>0x40305c10</load_address>
         <run_address>0x40305c10</run_address>
         <size>0xf4</size>
         <input_file_ref idref="fl-157"/>
      </object_component>
      <object_component id="oc-36">
         <name>.text</name>
         <load_address>0x40305d04</load_address>
         <run_address>0x40305d04</run_address>
         <size>0xd4</size>
         <input_file_ref idref="fl-135"/>
      </object_component>
      <object_component id="oc-122">
         <name>.text:__aeabi_cdcmple</name>
         <load_address>0x40305dd8</load_address>
         <run_address>0x40305dd8</run_address>
         <size>0xd0</size>
         <input_file_ref idref="fl-145"/>
      </object_component>
      <object_component id="oc-12e">
         <name>.text:__aeabi_cdrcmple</name>
         <load_address>0x40305ea8</load_address>
         <run_address>0x40305ea8</run_address>
         <size>0xd0</size>
         <input_file_ref idref="fl-145"/>
      </object_component>
      <object_component id="oc-143">
         <name>.text</name>
         <load_address>0x40305f78</load_address>
         <run_address>0x40305f78</run_address>
         <size>0xb0</size>
         <input_file_ref idref="fl-150"/>
      </object_component>
      <object_component id="oc-1af">
         <name>.text</name>
         <load_address>0x40306028</load_address>
         <run_address>0x40306028</run_address>
         <size>0xa8</size>
         <input_file_ref idref="fl-15d"/>
      </object_component>
      <object_component id="oc-65">
         <name>.text</name>
         <load_address>0x403060d0</load_address>
         <run_address>0x403060d0</run_address>
         <size>0xa4</size>
         <input_file_ref idref="fl-13d"/>
      </object_component>
      <object_component id="oc-269">
         <name>.text</name>
         <load_address>0x40306174</load_address>
         <run_address>0x40306174</run_address>
         <size>0xa4</size>
         <input_file_ref idref="fl-156"/>
      </object_component>
      <object_component id="oc-6b">
         <name>.text</name>
         <load_address>0x40306218</load_address>
         <run_address>0x40306218</run_address>
         <size>0x9c</size>
         <input_file_ref idref="fl-16a"/>
      </object_component>
      <object_component id="oc-59">
         <name>.text</name>
         <load_address>0x403062b4</load_address>
         <run_address>0x403062b4</run_address>
         <size>0x98</size>
         <input_file_ref idref="fl-138"/>
      </object_component>
      <object_component id="oc-2a">
         <name>.text:retain</name>
         <load_address>0x4030634c</load_address>
         <run_address>0x4030634c</run_address>
         <size>0x94</size>
         <input_file_ref idref="fl-2"/>
      </object_component>
      <object_component id="oc-151">
         <name>.text</name>
         <load_address>0x403063e0</load_address>
         <run_address>0x403063e0</run_address>
         <size>0x84</size>
         <input_file_ref idref="fl-141"/>
      </object_component>
      <object_component id="oc-1ef">
         <name>.text</name>
         <load_address>0x40306464</load_address>
         <run_address>0x40306464</run_address>
         <size>0x84</size>
         <input_file_ref idref="fl-15a"/>
      </object_component>
      <object_component id="oc-73">
         <name>.text</name>
         <load_address>0x403064e8</load_address>
         <run_address>0x403064e8</run_address>
         <size>0x80</size>
         <input_file_ref idref="fl-13a"/>
      </object_component>
      <object_component id="oc-136">
         <name>.text</name>
         <load_address>0x40306568</load_address>
         <run_address>0x40306568</run_address>
         <size>0x80</size>
         <input_file_ref idref="fl-14d"/>
      </object_component>
      <object_component id="oc-3f">
         <name>.text</name>
         <load_address>0x403065e8</load_address>
         <run_address>0x403065e8</run_address>
         <size>0x78</size>
         <input_file_ref idref="fl-13b"/>
      </object_component>
      <object_component id="oc-132">
         <name>.text</name>
         <load_address>0x40306660</load_address>
         <run_address>0x40306660</run_address>
         <size>0x5c</size>
         <input_file_ref idref="fl-148"/>
      </object_component>
      <object_component id="oc-17">
         <name>.text</name>
         <load_address>0x403066bc</load_address>
         <run_address>0x403066bc</run_address>
         <size>0x48</size>
         <input_file_ref idref="fl-136"/>
      </object_component>
      <object_component id="oc-1c9">
         <name>.text</name>
         <load_address>0x40306704</load_address>
         <run_address>0x40306704</run_address>
         <size>0x48</size>
         <input_file_ref idref="fl-154"/>
      </object_component>
      <object_component id="oc-13b">
         <name>.text</name>
         <load_address>0x4030674c</load_address>
         <run_address>0x4030674c</run_address>
         <size>0x3c</size>
         <input_file_ref idref="fl-14b"/>
      </object_component>
      <object_component id="oc-14c">
         <name>.text</name>
         <load_address>0x40306788</load_address>
         <run_address>0x40306788</run_address>
         <size>0x2c</size>
         <input_file_ref idref="fl-14e"/>
      </object_component>
      <object_component id="oc-113">
         <name>.text</name>
         <load_address>0x403067b4</load_address>
         <run_address>0x403067b4</run_address>
         <size>0x2c</size>
         <input_file_ref idref="fl-14f"/>
      </object_component>
      <object_component id="oc-1c4">
         <name>.text</name>
         <load_address>0x403067e0</load_address>
         <run_address>0x403067e0</run_address>
         <size>0x28</size>
         <input_file_ref idref="fl-151"/>
      </object_component>
      <object_component id="oc-1bf">
         <name>.text</name>
         <load_address>0x40306808</load_address>
         <run_address>0x40306808</run_address>
         <size>0x28</size>
         <input_file_ref idref="fl-152"/>
      </object_component>
      <object_component id="oc-f1">
         <name>.text</name>
         <load_address>0x40306830</load_address>
         <run_address>0x40306830</run_address>
         <size>0x24</size>
         <input_file_ref idref="fl-13f"/>
      </object_component>
      <object_component id="oc-d4">
         <name>.text</name>
         <load_address>0x40306854</load_address>
         <run_address>0x40306854</run_address>
         <size>0x20</size>
         <input_file_ref idref="fl-165"/>
      </object_component>
      <object_component id="oc-20">
         <name>.text:decompress:ZI</name>
         <load_address>0x40306874</load_address>
         <run_address>0x40306874</run_address>
         <size>0x20</size>
         <input_file_ref idref="fl-139"/>
      </object_component>
      <object_component id="oc-3a">
         <name>.text</name>
         <load_address>0x40306894</load_address>
         <run_address>0x40306894</run_address>
         <size>0x20</size>
         <input_file_ref idref="fl-134"/>
      </object_component>
      <object_component id="oc-10e">
         <name>.text</name>
         <load_address>0x403068b4</load_address>
         <run_address>0x403068b4</run_address>
         <size>0x1c</size>
         <input_file_ref idref="fl-153"/>
      </object_component>
      <object_component id="oc-26e">
         <name>.text</name>
         <load_address>0x403068d0</load_address>
         <run_address>0x403068d0</run_address>
         <size>0x18</size>
         <input_file_ref idref="fl-160"/>
      </object_component>
      <object_component id="oc-1b">
         <name>.text:decompress:none</name>
         <load_address>0x403068e8</load_address>
         <run_address>0x403068e8</run_address>
         <size>0x14</size>
         <input_file_ref idref="fl-137"/>
      </object_component>
      <object_component id="oc-147">
         <name>.text</name>
         <load_address>0x403068fc</load_address>
         <run_address>0x403068fc</run_address>
         <size>0x14</size>
         <input_file_ref idref="fl-159"/>
      </object_component>
      <object_component id="oc-25">
         <name>.text:decompress:rle24</name>
         <load_address>0x40306910</load_address>
         <run_address>0x40306910</run_address>
         <size>0x8</size>
         <input_file_ref idref="fl-138"/>
      </object_component>
      <object_component id="oc-33">
         <name>.stack</name>
         <uninitialized>true</uninitialized>
         <run_address>0x40307210</run_address>
         <size>0x0</size>
         <input_file_ref idref="fl-136"/>
      </object_component>
      <object_component id="oc-2c1">
         <name>.stack</name>
         <uninitialized>true</uninitialized>
         <run_address>0x40307210</run_address>
         <size>0x0</size>
      </object_component>
      <object_component id="oc-b7">
         <name>.bss:intIrqHandlers</name>
         <uninitialized>true</uninitialized>
         <run_address>0x40306c38</run_address>
         <size>0x200</size>
         <input_file_ref idref="fl-167"/>
      </object_component>
      <object_component id="oc-b9">
         <name>.bss:intIrqResetHandlers</name>
         <uninitialized>true</uninitialized>
         <run_address>0x40306e38</run_address>
         <size>0x200</size>
         <input_file_ref idref="fl-167"/>
      </object_component>
      <object_component id="oc-19a">
         <name>.bss:gThreads</name>
         <uninitialized>true</uninitialized>
         <run_address>0x40306918</run_address>
         <size>0x320</size>
         <input_file_ref idref="fl-16b"/>
      </object_component>
      <object_component id="oc-27f">
         <name>.bss:__TI_tmpnams</name>
         <uninitialized>true</uninitialized>
         <run_address>0x40307158</run_address>
         <size>0xa0</size>
         <input_file_ref idref="fl-143"/>
      </object_component>
      <object_component id="oc-285">
         <name>.bss:__CIOBUF_</name>
         <uninitialized>true</uninitialized>
         <run_address>0x40307038</run_address>
         <size>0x120</size>
         <input_file_ref idref="fl-156"/>
      </object_component>
      <object_component id="oc-273">
         <name>.common:parmbuf</name>
         <uninitialized>true</uninitialized>
         <run_address>0x40307208</run_address>
         <size>0x8</size>
      </object_component>
      <object_component id="oc-186">
         <name>.common:timers</name>
         <uninitialized>true</uninitialized>
         <run_address>0x403071f8</run_address>
         <size>0x10</size>
      </object_component>
      <object_component id="oc-1f7">
         <name>.const:.string:_ctypes_</name>
         <load_address>0x40308408</load_address>
         <run_address>0x40308408</run_address>
         <size>0x104</size>
         <input_file_ref idref="fl-142"/>
      </object_component>
      <object_component id="oc-188">
         <name>.const</name>
         <load_address>0x4030850c</load_address>
         <run_address>0x4030850c</run_address>
         <size>0x1</size>
         <input_file_ref idref="fl-169"/>
      </object_component>
      <object_component id="oc-44">
         <name>.data</name>
         <load_address>0x40308404</load_address>
         <run_address>0x40308404</run_address>
         <size>0x4</size>
         <input_file_ref idref="fl-13e"/>
      </object_component>
      <object_component id="oc-85">
         <name>.data</name>
         <load_address>0x403083ec</load_address>
         <run_address>0x403083ec</run_address>
         <size>0x8</size>
         <input_file_ref idref="fl-13f"/>
      </object_component>
      <object_component id="oc-87">
         <name>.data</name>
         <load_address>0x403083f4</load_address>
         <run_address>0x403083f4</run_address>
         <size>0x8</size>
         <input_file_ref idref="fl-13b"/>
      </object_component>
      <object_component id="oc-ae">
         <name>.data:_ftable</name>
         <load_address>0x40308210</load_address>
         <run_address>0x40308210</run_address>
         <size>0xf0</size>
         <input_file_ref idref="fl-143"/>
      </object_component>
      <object_component id="oc-19c">
         <name>.data</name>
         <load_address>0x403083fc</load_address>
         <run_address>0x403083fc</run_address>
         <size>0x4</size>
         <input_file_ref idref="fl-16b"/>
      </object_component>
      <object_component id="oc-1bb">
         <name>.data</name>
         <load_address>0x403083d0</load_address>
         <run_address>0x403083d0</run_address>
         <size>0x10</size>
         <input_file_ref idref="fl-143"/>
      </object_component>
      <object_component id="oc-1ce">
         <name>.data</name>
         <load_address>0x40308300</load_address>
         <run_address>0x40308300</run_address>
         <size>0xd0</size>
         <input_file_ref idref="fl-14c"/>
      </object_component>
      <object_component id="oc-20f">
         <name>.data</name>
         <load_address>0x403083e0</load_address>
         <run_address>0x403083e0</run_address>
         <size>0xc</size>
         <input_file_ref idref="fl-162"/>
      </object_component>
      <object_component id="oc-25e">
         <name>.data</name>
         <load_address>0x40308400</load_address>
         <run_address>0x40308400</run_address>
         <size>0x4</size>
         <input_file_ref idref="fl-161"/>
      </object_component>
      <object_component id="oc-34">
         <name>.sysmem</name>
         <uninitialized>true</uninitialized>
         <run_address>0x40307a10</run_address>
         <size>0x8</size>
         <input_file_ref idref="fl-162"/>
      </object_component>
      <object_component id="oc-2c2">
         <name>.sysmem</name>
         <uninitialized>true</uninitialized>
         <run_address>0x40307a10</run_address>
         <size>0x0</size>
      </object_component>
      <object_component id="oc-2c0">
         <name>.cinit..data.load</name>
         <load_address>0x40308510</load_address>
         <run_address>0x40308510</run_address>
         <size>0x82</size>
      </object_component>
      <object_component id="oc-2bd">
         <name>__TI_handler_table</name>
         <load_address>0x40308594</load_address>
         <run_address>0x40308594</run_address>
         <size>0xc</size>
      </object_component>
      <object_component id="oc-2bf">
         <name>.cinit..bss.load</name>
         <load_address>0x403085a0</load_address>
         <run_address>0x403085a0</run_address>
         <size>0x8</size>
      </object_component>
      <object_component id="oc-2be">
         <name>__TI_cinit_table</name>
         <load_address>0x403085a8</load_address>
         <run_address>0x403085a8</run_address>
         <size>0x10</size>
      </object_component>
      <object_component id="oc-18">
         <name>.debug_info</name>
         <load_address>0x0</load_address>
         <run_address>0x0</run_address>
         <size>0x107</size>
         <input_file_ref idref="fl-136"/>
      </object_component>
      <object_component id="oc-1c">
         <name>.debug_info</name>
         <load_address>0x107</load_address>
         <run_address>0x107</run_address>
         <size>0x1a8</size>
         <input_file_ref idref="fl-137"/>
      </object_component>
      <object_component id="oc-21">
         <name>.debug_info</name>
         <load_address>0x2af</load_address>
         <run_address>0x2af</run_address>
         <size>0x17e</size>
         <input_file_ref idref="fl-139"/>
      </object_component>
      <object_component id="oc-26">
         <name>.debug_info</name>
         <load_address>0x42d</load_address>
         <run_address>0x42d</run_address>
         <size>0x1a2</size>
         <input_file_ref idref="fl-138"/>
      </object_component>
      <object_component id="oc-2b">
         <name>.debug_info</name>
         <load_address>0x5cf</load_address>
         <run_address>0x5cf</run_address>
         <size>0x212</size>
         <input_file_ref idref="fl-2"/>
      </object_component>
      <object_component id="oc-30">
         <name>.debug_info</name>
         <load_address>0x7e1</load_address>
         <run_address>0x7e1</run_address>
         <size>0xd3</size>
         <input_file_ref idref="fl-3"/>
      </object_component>
      <object_component id="oc-35">
         <name>.debug_info</name>
         <load_address>0x8b4</load_address>
         <run_address>0x8b4</run_address>
         <size>0xca</size>
         <input_file_ref idref="fl-162"/>
      </object_component>
      <object_component id="oc-38">
         <name>.debug_info</name>
         <load_address>0x97e</load_address>
         <run_address>0x97e</run_address>
         <size>0x154</size>
         <input_file_ref idref="fl-135"/>
      </object_component>
      <object_component id="oc-3b">
         <name>.debug_info</name>
         <load_address>0xad2</load_address>
         <run_address>0xad2</run_address>
         <size>0x130</size>
         <input_file_ref idref="fl-134"/>
      </object_component>
      <object_component id="oc-41">
         <name>.debug_info</name>
         <load_address>0xc02</load_address>
         <run_address>0xc02</run_address>
         <size>0x1d6</size>
         <input_file_ref idref="fl-13b"/>
      </object_component>
      <object_component id="oc-45">
         <name>.debug_info</name>
         <load_address>0xdd8</load_address>
         <run_address>0xdd8</run_address>
         <size>0xd2</size>
         <input_file_ref idref="fl-13e"/>
      </object_component>
      <object_component id="oc-48">
         <name>.debug_info</name>
         <load_address>0xeaa</load_address>
         <run_address>0xeaa</run_address>
         <size>0x14b</size>
         <input_file_ref idref="fl-13c"/>
      </object_component>
      <object_component id="oc-4c">
         <name>.debug_info</name>
         <load_address>0xff5</load_address>
         <run_address>0xff5</run_address>
         <size>0x46</size>
         <input_file_ref idref="fl-137"/>
      </object_component>
      <object_component id="oc-51">
         <name>.debug_info</name>
         <load_address>0x103b</load_address>
         <run_address>0x103b</run_address>
         <size>0x106</size>
         <input_file_ref idref="fl-137"/>
      </object_component>
      <object_component id="oc-53">
         <name>.debug_info</name>
         <load_address>0x1141</load_address>
         <run_address>0x1141</run_address>
         <size>0x46</size>
         <input_file_ref idref="fl-139"/>
      </object_component>
      <object_component id="oc-58">
         <name>.debug_info</name>
         <load_address>0x1187</load_address>
         <run_address>0x1187</run_address>
         <size>0xc1</size>
         <input_file_ref idref="fl-139"/>
      </object_component>
      <object_component id="oc-5a">
         <name>.debug_info</name>
         <load_address>0x1248</load_address>
         <run_address>0x1248</run_address>
         <size>0x203</size>
         <input_file_ref idref="fl-138"/>
      </object_component>
      <object_component id="oc-5f">
         <name>.debug_info</name>
         <load_address>0x144b</load_address>
         <run_address>0x144b</run_address>
         <size>0xcb</size>
         <input_file_ref idref="fl-138"/>
      </object_component>
      <object_component id="oc-60">
         <name>.debug_info</name>
         <load_address>0x1516</load_address>
         <run_address>0x1516</run_address>
         <size>0x39</size>
         <input_file_ref idref="fl-138"/>
      </object_component>
      <object_component id="oc-67">
         <name>.debug_info</name>
         <load_address>0x154f</load_address>
         <run_address>0x154f</run_address>
         <size>0x281</size>
         <input_file_ref idref="fl-13d"/>
      </object_component>
      <object_component id="oc-6e">
         <name>.debug_info</name>
         <load_address>0x17d0</load_address>
         <run_address>0x17d0</run_address>
         <size>0xe6</size>
         <input_file_ref idref="fl-16a"/>
      </object_component>
      <object_component id="oc-72">
         <name>.debug_info</name>
         <load_address>0x18b6</load_address>
         <run_address>0x18b6</run_address>
         <size>0x1eb</size>
         <input_file_ref idref="fl-162"/>
      </object_component>
      <object_component id="oc-74">
         <name>.debug_info</name>
         <load_address>0x1aa1</load_address>
         <run_address>0x1aa1</run_address>
         <size>0x15f</size>
         <input_file_ref idref="fl-13a"/>
      </object_component>
      <object_component id="oc-7a">
         <name>.debug_info</name>
         <load_address>0x1c00</load_address>
         <run_address>0x1c00</run_address>
         <size>0x3ef</size>
         <input_file_ref idref="fl-2"/>
      </object_component>
      <object_component id="oc-7f">
         <name>.debug_info</name>
         <load_address>0x1fef</load_address>
         <run_address>0x1fef</run_address>
         <size>0x84</size>
         <input_file_ref idref="fl-2"/>
      </object_component>
      <object_component id="oc-84">
         <name>.debug_info</name>
         <load_address>0x2073</load_address>
         <run_address>0x2073</run_address>
         <size>0x12f</size>
         <input_file_ref idref="fl-134"/>
      </object_component>
      <object_component id="oc-86">
         <name>.debug_info</name>
         <load_address>0x21a2</load_address>
         <run_address>0x21a2</run_address>
         <size>0xdc</size>
         <input_file_ref idref="fl-13f"/>
      </object_component>
      <object_component id="oc-88">
         <name>.debug_info</name>
         <load_address>0x227e</load_address>
         <run_address>0x227e</run_address>
         <size>0xff</size>
         <input_file_ref idref="fl-13b"/>
      </object_component>
      <object_component id="oc-8a">
         <name>.debug_info</name>
         <load_address>0x237d</load_address>
         <run_address>0x237d</run_address>
         <size>0x15a</size>
         <input_file_ref idref="fl-13b"/>
      </object_component>
      <object_component id="oc-8e">
         <name>.debug_info</name>
         <load_address>0x24d7</load_address>
         <run_address>0x24d7</run_address>
         <size>0x2c</size>
         <input_file_ref idref="fl-137"/>
      </object_component>
      <object_component id="oc-95">
         <name>.debug_info</name>
         <load_address>0x2503</load_address>
         <run_address>0x2503</run_address>
         <size>0x2c</size>
         <input_file_ref idref="fl-139"/>
      </object_component>
      <object_component id="oc-a0">
         <name>.debug_info</name>
         <load_address>0x252f</load_address>
         <run_address>0x252f</run_address>
         <size>0x29a</size>
         <input_file_ref idref="fl-149"/>
      </object_component>
      <object_component id="oc-a6">
         <name>.debug_info</name>
         <load_address>0x27c9</load_address>
         <run_address>0x27c9</run_address>
         <size>0x325</size>
         <input_file_ref idref="fl-14a"/>
      </object_component>
      <object_component id="oc-aa">
         <name>.debug_info</name>
         <load_address>0x2aee</load_address>
         <run_address>0x2aee</run_address>
         <size>0x12a8</size>
         <input_file_ref idref="fl-140"/>
      </object_component>
      <object_component id="oc-af">
         <name>.debug_info</name>
         <load_address>0x3d96</load_address>
         <run_address>0x3d96</run_address>
         <size>0xc0</size>
         <input_file_ref idref="fl-143"/>
      </object_component>
      <object_component id="oc-b1">
         <name>.debug_info</name>
         <load_address>0x3e56</load_address>
         <run_address>0x3e56</run_address>
         <size>0x1ff</size>
         <input_file_ref idref="fl-13d"/>
      </object_component>
      <object_component id="oc-b2">
         <name>.debug_info</name>
         <load_address>0x4055</load_address>
         <run_address>0x4055</run_address>
         <size>0x4e</size>
         <input_file_ref idref="fl-2"/>
      </object_component>
      <object_component id="oc-b8">
         <name>.debug_info</name>
         <load_address>0x40a3</load_address>
         <run_address>0x40a3</run_address>
         <size>0xe5</size>
         <input_file_ref idref="fl-167"/>
      </object_component>
      <object_component id="oc-ba">
         <name>.debug_info</name>
         <load_address>0x4188</load_address>
         <run_address>0x4188</run_address>
         <size>0xef</size>
         <input_file_ref idref="fl-167"/>
      </object_component>
      <object_component id="oc-be">
         <name>.debug_info</name>
         <load_address>0x4277</load_address>
         <run_address>0x4277</run_address>
         <size>0x2c</size>
         <input_file_ref idref="fl-161"/>
      </object_component>
      <object_component id="oc-c3">
         <name>.debug_info</name>
         <load_address>0x42a3</load_address>
         <run_address>0x42a3</run_address>
         <size>0x62</size>
         <input_file_ref idref="fl-162"/>
      </object_component>
      <object_component id="oc-c9">
         <name>.debug_info</name>
         <load_address>0x4305</load_address>
         <run_address>0x4305</run_address>
         <size>0x15c</size>
         <input_file_ref idref="fl-13a"/>
      </object_component>
      <object_component id="oc-cb">
         <name>.debug_info</name>
         <load_address>0x4461</load_address>
         <run_address>0x4461</run_address>
         <size>0x831</size>
         <input_file_ref idref="fl-166"/>
      </object_component>
      <object_component id="oc-d3">
         <name>.debug_info</name>
         <load_address>0x4c92</load_address>
         <run_address>0x4c92</run_address>
         <size>0x5e1</size>
         <input_file_ref idref="fl-168"/>
      </object_component>
      <object_component id="oc-d5">
         <name>.debug_info</name>
         <load_address>0x5273</load_address>
         <run_address>0x5273</run_address>
         <size>0x14b</size>
         <input_file_ref idref="fl-165"/>
      </object_component>
      <object_component id="oc-da">
         <name>.debug_info</name>
         <load_address>0x53be</load_address>
         <run_address>0x53be</run_address>
         <size>0x8ae</size>
         <input_file_ref idref="fl-167"/>
      </object_component>
      <object_component id="oc-e0">
         <name>.debug_info</name>
         <load_address>0x5c6c</load_address>
         <run_address>0x5c6c</run_address>
         <size>0x1a80</size>
         <input_file_ref idref="fl-169"/>
      </object_component>
      <object_component id="oc-e4">
         <name>.debug_info</name>
         <load_address>0x76ec</load_address>
         <run_address>0x76ec</run_address>
         <size>0x506</size>
         <input_file_ref idref="fl-16b"/>
      </object_component>
      <object_component id="oc-e9">
         <name>.debug_info</name>
         <load_address>0x7bf2</load_address>
         <run_address>0x7bf2</run_address>
         <size>0x324</size>
         <input_file_ref idref="fl-2"/>
      </object_component>
      <object_component id="oc-ec">
         <name>.debug_info</name>
         <load_address>0x7f16</load_address>
         <run_address>0x7f16</run_address>
         <size>0x5e</size>
         <input_file_ref idref="fl-134"/>
      </object_component>
      <object_component id="oc-f2">
         <name>.debug_info</name>
         <load_address>0x7f74</load_address>
         <run_address>0x7f74</run_address>
         <size>0x1e8</size>
         <input_file_ref idref="fl-13f"/>
      </object_component>
      <object_component id="oc-f8">
         <name>.debug_info</name>
         <load_address>0x815c</load_address>
         <run_address>0x815c</run_address>
         <size>0xed</size>
         <input_file_ref idref="fl-13f"/>
      </object_component>
      <object_component id="oc-fe">
         <name>.debug_info</name>
         <load_address>0x8249</load_address>
         <run_address>0x8249</run_address>
         <size>0x1f9</size>
         <input_file_ref idref="fl-15b"/>
      </object_component>
      <object_component id="oc-103">
         <name>.debug_info</name>
         <load_address>0x8442</load_address>
         <run_address>0x8442</run_address>
         <size>0x223</size>
         <input_file_ref idref="fl-15c"/>
      </object_component>
      <object_component id="oc-108">
         <name>.debug_info</name>
         <load_address>0x8665</load_address>
         <run_address>0x8665</run_address>
         <size>0xb85</size>
         <input_file_ref idref="fl-14c"/>
      </object_component>
      <object_component id="oc-10d">
         <name>.debug_info</name>
         <load_address>0x91ea</load_address>
         <run_address>0x91ea</run_address>
         <size>0x1a7</size>
         <input_file_ref idref="fl-149"/>
      </object_component>
      <object_component id="oc-10f">
         <name>.debug_info</name>
         <load_address>0x9391</load_address>
         <run_address>0x9391</run_address>
         <size>0x193</size>
         <input_file_ref idref="fl-153"/>
      </object_component>
      <object_component id="oc-114">
         <name>.debug_info</name>
         <load_address>0x9524</load_address>
         <run_address>0x9524</run_address>
         <size>0x1ab</size>
         <input_file_ref idref="fl-14f"/>
      </object_component>
      <object_component id="oc-119">
         <name>.debug_info</name>
         <load_address>0x96cf</load_address>
         <run_address>0x96cf</run_address>
         <size>0x238</size>
         <input_file_ref idref="fl-14a"/>
      </object_component>
      <object_component id="oc-11b">
         <name>.debug_info</name>
         <load_address>0x9907</load_address>
         <run_address>0x9907</run_address>
         <size>0x153</size>
         <input_file_ref idref="fl-158"/>
      </object_component>
      <object_component id="oc-11f">
         <name>.debug_info</name>
         <load_address>0x9a5a</load_address>
         <run_address>0x9a5a</run_address>
         <size>0x151</size>
         <input_file_ref idref="fl-157"/>
      </object_component>
      <object_component id="oc-123">
         <name>.debug_info</name>
         <load_address>0x9bab</load_address>
         <run_address>0x9bab</run_address>
         <size>0xf1</size>
         <input_file_ref idref="fl-145"/>
      </object_component>
      <object_component id="oc-127">
         <name>.debug_info</name>
         <load_address>0x9c9c</load_address>
         <run_address>0x9c9c</run_address>
         <size>0x10f</size>
         <input_file_ref idref="fl-147"/>
      </object_component>
      <object_component id="oc-12b">
         <name>.debug_info</name>
         <load_address>0x9dab</load_address>
         <run_address>0x9dab</run_address>
         <size>0x10f</size>
         <input_file_ref idref="fl-146"/>
      </object_component>
      <object_component id="oc-12f">
         <name>.debug_info</name>
         <load_address>0x9eba</load_address>
         <run_address>0x9eba</run_address>
         <size>0xf3</size>
         <input_file_ref idref="fl-145"/>
      </object_component>
      <object_component id="oc-133">
         <name>.debug_info</name>
         <load_address>0x9fad</load_address>
         <run_address>0x9fad</run_address>
         <size>0xfd</size>
         <input_file_ref idref="fl-148"/>
      </object_component>
      <object_component id="oc-138">
         <name>.debug_info</name>
         <load_address>0xa0aa</load_address>
         <run_address>0xa0aa</run_address>
         <size>0x1a3</size>
         <input_file_ref idref="fl-14d"/>
      </object_component>
      <object_component id="oc-13c">
         <name>.debug_info</name>
         <load_address>0xa24d</load_address>
         <run_address>0xa24d</run_address>
         <size>0xf2</size>
         <input_file_ref idref="fl-14b"/>
      </object_component>
      <object_component id="oc-141">
         <name>.debug_info</name>
         <load_address>0xa33f</load_address>
         <run_address>0xa33f</run_address>
         <size>0x12a</size>
         <input_file_ref idref="fl-144"/>
      </object_component>
      <object_component id="oc-145">
         <name>.debug_info</name>
         <load_address>0xa469</load_address>
         <run_address>0xa469</run_address>
         <size>0x115</size>
         <input_file_ref idref="fl-150"/>
      </object_component>
      <object_component id="oc-148">
         <name>.debug_info</name>
         <load_address>0xa57e</load_address>
         <run_address>0xa57e</run_address>
         <size>0x124</size>
         <input_file_ref idref="fl-159"/>
      </object_component>
      <object_component id="oc-14d">
         <name>.debug_info</name>
         <load_address>0xa6a2</load_address>
         <run_address>0xa6a2</run_address>
         <size>0x174</size>
         <input_file_ref idref="fl-14e"/>
      </object_component>
      <object_component id="oc-152">
         <name>.debug_info</name>
         <load_address>0xa816</load_address>
         <run_address>0xa816</run_address>
         <size>0x13a</size>
         <input_file_ref idref="fl-141"/>
      </object_component>
      <object_component id="oc-157">
         <name>.debug_info</name>
         <load_address>0xa950</load_address>
         <run_address>0xa950</run_address>
         <size>0x27f</size>
         <input_file_ref idref="fl-140"/>
      </object_component>
      <object_component id="oc-158">
         <name>.debug_info</name>
         <load_address>0xabcf</load_address>
         <run_address>0xabcf</run_address>
         <size>0x86</size>
         <input_file_ref idref="fl-140"/>
      </object_component>
      <object_component id="oc-15d">
         <name>.debug_info</name>
         <load_address>0xac55</load_address>
         <run_address>0xac55</run_address>
         <size>0x39</size>
         <input_file_ref idref="fl-140"/>
      </object_component>
      <object_component id="oc-164">
         <name>.debug_info</name>
         <load_address>0xac8e</load_address>
         <run_address>0xac8e</run_address>
         <size>0xd9</size>
         <input_file_ref idref="fl-143"/>
      </object_component>
      <object_component id="oc-167">
         <name>.debug_info</name>
         <load_address>0xad67</load_address>
         <run_address>0xad67</run_address>
         <size>0xae</size>
         <input_file_ref idref="fl-13d"/>
      </object_component>
      <object_component id="oc-16e">
         <name>.debug_info</name>
         <load_address>0xae15</load_address>
         <run_address>0xae15</run_address>
         <size>0xef</size>
         <input_file_ref idref="fl-167"/>
      </object_component>
      <object_component id="oc-173">
         <name>.debug_info</name>
         <load_address>0xaf04</load_address>
         <run_address>0xaf04</run_address>
         <size>0xcd</size>
         <input_file_ref idref="fl-13a"/>
      </object_component>
      <object_component id="oc-17c">
         <name>.debug_info</name>
         <load_address>0xafd1</load_address>
         <run_address>0xafd1</run_address>
         <size>0x39</size>
         <input_file_ref idref="fl-2"/>
      </object_component>
      <object_component id="oc-181">
         <name>.debug_info</name>
         <load_address>0xb00a</load_address>
         <run_address>0xb00a</run_address>
         <size>0x18b</size>
         <input_file_ref idref="fl-2"/>
      </object_component>
      <object_component id="oc-187">
         <name>.debug_info</name>
         <load_address>0xb195</load_address>
         <run_address>0xb195</run_address>
         <size>0x1f2</size>
         <input_file_ref idref="fl-169"/>
      </object_component>
      <object_component id="oc-189">
         <name>.debug_info</name>
         <load_address>0xb387</load_address>
         <run_address>0xb387</run_address>
         <size>0xd8</size>
         <input_file_ref idref="fl-169"/>
      </object_component>
      <object_component id="oc-18b">
         <name>.debug_info</name>
         <load_address>0xb45f</load_address>
         <run_address>0xb45f</run_address>
         <size>0x82</size>
         <input_file_ref idref="fl-2"/>
      </object_component>
      <object_component id="oc-190">
         <name>.debug_info</name>
         <load_address>0xb4e1</load_address>
         <run_address>0xb4e1</run_address>
         <size>0xa2</size>
         <input_file_ref idref="fl-169"/>
      </object_component>
      <object_component id="oc-196">
         <name>.debug_info</name>
         <load_address>0xb583</load_address>
         <run_address>0xb583</run_address>
         <size>0x86f</size>
         <input_file_ref idref="fl-162"/>
      </object_component>
      <object_component id="oc-19b">
         <name>.debug_info</name>
         <load_address>0xbdf2</load_address>
         <run_address>0xbdf2</run_address>
         <size>0xcf</size>
         <input_file_ref idref="fl-16b"/>
      </object_component>
      <object_component id="oc-19d">
         <name>.debug_info</name>
         <load_address>0xbec1</load_address>
         <run_address>0xbec1</run_address>
         <size>0xdb</size>
         <input_file_ref idref="fl-16b"/>
      </object_component>
      <object_component id="oc-19f">
         <name>.debug_info</name>
         <load_address>0xbf9c</load_address>
         <run_address>0xbf9c</run_address>
         <size>0x6d</size>
         <input_file_ref idref="fl-16b"/>
      </object_component>
      <object_component id="oc-1a4">
         <name>.debug_info</name>
         <load_address>0xc009</load_address>
         <run_address>0xc009</run_address>
         <size>0x1a1</size>
         <input_file_ref idref="fl-16b"/>
      </object_component>
      <object_component id="oc-1a7">
         <name>.debug_info</name>
         <load_address>0xc1aa</load_address>
         <run_address>0xc1aa</run_address>
         <size>0x76</size>
         <input_file_ref idref="fl-2"/>
      </object_component>
      <object_component id="oc-1b1">
         <name>.debug_info</name>
         <load_address>0xc220</load_address>
         <run_address>0xc220</run_address>
         <size>0x1aa</size>
         <input_file_ref idref="fl-15d"/>
      </object_component>
      <object_component id="oc-1b5">
         <name>.debug_info</name>
         <load_address>0xc3ca</load_address>
         <run_address>0xc3ca</run_address>
         <size>0x1c9</size>
         <input_file_ref idref="fl-15f"/>
      </object_component>
      <object_component id="oc-1ba">
         <name>.debug_info</name>
         <load_address>0xc593</load_address>
         <run_address>0xc593</run_address>
         <size>0x11a</size>
         <input_file_ref idref="fl-15b"/>
      </object_component>
      <object_component id="oc-1bc">
         <name>.debug_info</name>
         <load_address>0xc6ad</load_address>
         <run_address>0xc6ad</run_address>
         <size>0x14d</size>
         <input_file_ref idref="fl-143"/>
      </object_component>
      <object_component id="oc-1be">
         <name>.debug_info</name>
         <load_address>0xc7fa</load_address>
         <run_address>0xc7fa</run_address>
         <size>0x16b</size>
         <input_file_ref idref="fl-15c"/>
      </object_component>
      <object_component id="oc-1c0">
         <name>.debug_info</name>
         <load_address>0xc965</load_address>
         <run_address>0xc965</run_address>
         <size>0x1be</size>
         <input_file_ref idref="fl-152"/>
      </object_component>
      <object_component id="oc-1c5">
         <name>.debug_info</name>
         <load_address>0xcb23</load_address>
         <run_address>0xcb23</run_address>
         <size>0x1ad</size>
         <input_file_ref idref="fl-151"/>
      </object_component>
      <object_component id="oc-1ca">
         <name>.debug_info</name>
         <load_address>0xccd0</load_address>
         <run_address>0xccd0</run_address>
         <size>0x1c2</size>
         <input_file_ref idref="fl-154"/>
      </object_component>
      <object_component id="oc-1cf">
         <name>.debug_info</name>
         <load_address>0xce92</load_address>
         <run_address>0xce92</run_address>
         <size>0xdf</size>
         <input_file_ref idref="fl-14c"/>
      </object_component>
      <object_component id="oc-1d1">
         <name>.debug_info</name>
         <load_address>0xcf71</load_address>
         <run_address>0xcf71</run_address>
         <size>0x46e</size>
         <input_file_ref idref="fl-14c"/>
      </object_component>
      <object_component id="oc-1d2">
         <name>.debug_info</name>
         <load_address>0xd3df</load_address>
         <run_address>0xd3df</run_address>
         <size>0x2c</size>
         <input_file_ref idref="fl-14c"/>
      </object_component>
      <object_component id="oc-1da">
         <name>.debug_info</name>
         <load_address>0xd40b</load_address>
         <run_address>0xd40b</run_address>
         <size>0xb3</size>
         <input_file_ref idref="fl-153"/>
      </object_component>
      <object_component id="oc-1dc">
         <name>.debug_info</name>
         <load_address>0xd4be</load_address>
         <run_address>0xd4be</run_address>
         <size>0xc9</size>
         <input_file_ref idref="fl-14f"/>
      </object_component>
      <object_component id="oc-1e7">
         <name>.debug_info</name>
         <load_address>0xd587</load_address>
         <run_address>0xd587</run_address>
         <size>0x14f</size>
         <input_file_ref idref="fl-15e"/>
      </object_component>
      <object_component id="oc-1eb">
         <name>.debug_info</name>
         <load_address>0xd6d6</load_address>
         <run_address>0xd6d6</run_address>
         <size>0x115</size>
         <input_file_ref idref="fl-14d"/>
      </object_component>
      <object_component id="oc-1f0">
         <name>.debug_info</name>
         <load_address>0xd7eb</load_address>
         <run_address>0xd7eb</run_address>
         <size>0x123</size>
         <input_file_ref idref="fl-15a"/>
      </object_component>
      <object_component id="oc-1f6">
         <name>.debug_info</name>
         <load_address>0xd90e</load_address>
         <run_address>0xd90e</run_address>
         <size>0xba</size>
         <input_file_ref idref="fl-14e"/>
      </object_component>
      <object_component id="oc-1f8">
         <name>.debug_info</name>
         <load_address>0xd9c8</load_address>
         <run_address>0xd9c8</run_address>
         <size>0xc3</size>
         <input_file_ref idref="fl-142"/>
      </object_component>
      <object_component id="oc-1fa">
         <name>.debug_info</name>
         <load_address>0xda8b</load_address>
         <run_address>0xda8b</run_address>
         <size>0xd9</size>
         <input_file_ref idref="fl-141"/>
      </object_component>
      <object_component id="oc-1fd">
         <name>.debug_info</name>
         <load_address>0xdb64</load_address>
         <run_address>0xdb64</run_address>
         <size>0x2c</size>
         <input_file_ref idref="fl-140"/>
      </object_component>
      <object_component id="oc-202">
         <name>.debug_info</name>
         <load_address>0xdb90</load_address>
         <run_address>0xdb90</run_address>
         <size>0x46</size>
         <input_file_ref idref="fl-140"/>
      </object_component>
      <object_component id="oc-210">
         <name>.debug_info</name>
         <load_address>0xdbd6</load_address>
         <run_address>0xdbd6</run_address>
         <size>0x115</size>
         <input_file_ref idref="fl-162"/>
      </object_component>
      <object_component id="oc-216">
         <name>.debug_info</name>
         <load_address>0xdceb</load_address>
         <run_address>0xdceb</run_address>
         <size>0x13c</size>
         <input_file_ref idref="fl-16b"/>
      </object_component>
      <object_component id="oc-21e">
         <name>.debug_info</name>
         <load_address>0xde27</load_address>
         <run_address>0xde27</run_address>
         <size>0x148</size>
         <input_file_ref idref="fl-15d"/>
      </object_component>
      <object_component id="oc-220">
         <name>.debug_info</name>
         <load_address>0xdf6f</load_address>
         <run_address>0xdf6f</run_address>
         <size>0x41e</size>
         <input_file_ref idref="fl-161"/>
      </object_component>
      <object_component id="oc-225">
         <name>.debug_info</name>
         <load_address>0xe38d</load_address>
         <run_address>0xe38d</run_address>
         <size>0x189</size>
         <input_file_ref idref="fl-15f"/>
      </object_component>
      <object_component id="oc-226">
         <name>.debug_info</name>
         <load_address>0xe516</load_address>
         <run_address>0xe516</run_address>
         <size>0xbb</size>
         <input_file_ref idref="fl-15b"/>
      </object_component>
      <object_component id="oc-232">
         <name>.debug_info</name>
         <load_address>0xe5d1</load_address>
         <run_address>0xe5d1</run_address>
         <size>0xae</size>
         <input_file_ref idref="fl-152"/>
      </object_component>
      <object_component id="oc-234">
         <name>.debug_info</name>
         <load_address>0xe67f</load_address>
         <run_address>0xe67f</run_address>
         <size>0xbe</size>
         <input_file_ref idref="fl-151"/>
      </object_component>
      <object_component id="oc-236">
         <name>.debug_info</name>
         <load_address>0xe73d</load_address>
         <run_address>0xe73d</run_address>
         <size>0xbf</size>
         <input_file_ref idref="fl-154"/>
      </object_component>
      <object_component id="oc-239">
         <name>.debug_info</name>
         <load_address>0xe7fc</load_address>
         <run_address>0xe7fc</run_address>
         <size>0x9f6</size>
         <input_file_ref idref="fl-155"/>
      </object_component>
      <object_component id="oc-240">
         <name>.debug_info</name>
         <load_address>0xf1f2</load_address>
         <run_address>0xf1f2</run_address>
         <size>0x120</size>
         <input_file_ref idref="fl-14c"/>
      </object_component>
      <object_component id="oc-24d">
         <name>.debug_info</name>
         <load_address>0xf312</load_address>
         <run_address>0xf312</run_address>
         <size>0xae</size>
         <input_file_ref idref="fl-15a"/>
      </object_component>
      <object_component id="oc-252">
         <name>.debug_info</name>
         <load_address>0xf3c0</load_address>
         <run_address>0xf3c0</run_address>
         <size>0xb7</size>
         <input_file_ref idref="fl-142"/>
      </object_component>
      <object_component id="oc-25b">
         <name>.debug_info</name>
         <load_address>0xf477</load_address>
         <run_address>0xf477</run_address>
         <size>0x261</size>
         <input_file_ref idref="fl-163"/>
      </object_component>
      <object_component id="oc-260">
         <name>.debug_info</name>
         <load_address>0xf6d8</load_address>
         <run_address>0xf6d8</run_address>
         <size>0x205</size>
         <input_file_ref idref="fl-161"/>
      </object_component>
      <object_component id="oc-26a">
         <name>.debug_info</name>
         <load_address>0xf8dd</load_address>
         <run_address>0xf8dd</run_address>
         <size>0x24a</size>
         <input_file_ref idref="fl-156"/>
      </object_component>
      <object_component id="oc-270">
         <name>.debug_info</name>
         <load_address>0xfb27</load_address>
         <run_address>0xfb27</run_address>
         <size>0x1a9</size>
         <input_file_ref idref="fl-160"/>
      </object_component>
      <object_component id="oc-274">
         <name>.debug_info</name>
         <load_address>0xfcd0</load_address>
         <run_address>0xfcd0</run_address>
         <size>0x203</size>
         <input_file_ref idref="fl-155"/>
      </object_component>
      <object_component id="oc-276">
         <name>.debug_info</name>
         <load_address>0xfed3</load_address>
         <run_address>0xfed3</run_address>
         <size>0x39</size>
         <input_file_ref idref="fl-155"/>
      </object_component>
      <object_component id="oc-280">
         <name>.debug_info</name>
         <load_address>0xff0c</load_address>
         <run_address>0xff0c</run_address>
         <size>0xca</size>
         <input_file_ref idref="fl-143"/>
      </object_component>
      <object_component id="oc-282">
         <name>.debug_info</name>
         <load_address>0xffd6</load_address>
         <run_address>0xffd6</run_address>
         <size>0x1c9</size>
         <input_file_ref idref="fl-163"/>
      </object_component>
      <object_component id="oc-286">
         <name>.debug_info</name>
         <load_address>0x1019f</load_address>
         <run_address>0x1019f</run_address>
         <size>0xc6</size>
         <input_file_ref idref="fl-156"/>
      </object_component>
      <object_component id="oc-288">
         <name>.debug_info</name>
         <load_address>0x10265</load_address>
         <run_address>0x10265</run_address>
         <size>0xde</size>
         <input_file_ref idref="fl-156"/>
      </object_component>
      <object_component id="oc-28a">
         <name>.debug_info</name>
         <load_address>0x10343</load_address>
         <run_address>0x10343</run_address>
         <size>0xbe</size>
         <input_file_ref idref="fl-160"/>
      </object_component>
      <object_component id="oc-2c3">
         <name>.debug_info</name>
         <load_address>0x10401</load_address>
         <run_address>0x10401</run_address>
         <size>0x9f</size>
      </object_component>
      <object_component id="oc-19">
         <name>.debug_line</name>
         <load_address>0x0</load_address>
         <run_address>0x0</run_address>
         <size>0x48</size>
         <input_file_ref idref="fl-136"/>
      </object_component>
      <object_component id="oc-1d">
         <name>.debug_line</name>
         <load_address>0x48</load_address>
         <run_address>0x48</run_address>
         <size>0x52</size>
         <input_file_ref idref="fl-137"/>
      </object_component>
      <object_component id="oc-22">
         <name>.debug_line</name>
         <load_address>0x9a</load_address>
         <run_address>0x9a</run_address>
         <size>0x49</size>
         <input_file_ref idref="fl-139"/>
      </object_component>
      <object_component id="oc-27">
         <name>.debug_line</name>
         <load_address>0xe3</load_address>
         <run_address>0xe3</run_address>
         <size>0x4b</size>
         <input_file_ref idref="fl-138"/>
      </object_component>
      <object_component id="oc-2c">
         <name>.debug_line</name>
         <load_address>0x12e</load_address>
         <run_address>0x12e</run_address>
         <size>0x8a</size>
         <input_file_ref idref="fl-2"/>
      </object_component>
      <object_component id="oc-31">
         <name>.debug_line</name>
         <load_address>0x1b8</load_address>
         <run_address>0x1b8</run_address>
         <size>0x42</size>
         <input_file_ref idref="fl-3"/>
      </object_component>
      <object_component id="oc-37">
         <name>.debug_line</name>
         <load_address>0x1fa</load_address>
         <run_address>0x1fa</run_address>
         <size>0x7d</size>
         <input_file_ref idref="fl-135"/>
      </object_component>
      <object_component id="oc-3c">
         <name>.debug_line</name>
         <load_address>0x277</load_address>
         <run_address>0x277</run_address>
         <size>0x53</size>
         <input_file_ref idref="fl-134"/>
      </object_component>
      <object_component id="oc-42">
         <name>.debug_line</name>
         <load_address>0x2ca</load_address>
         <run_address>0x2ca</run_address>
         <size>0x80</size>
         <input_file_ref idref="fl-13b"/>
      </object_component>
      <object_component id="oc-49">
         <name>.debug_line</name>
         <load_address>0x34a</load_address>
         <run_address>0x34a</run_address>
         <size>0x9a</size>
         <input_file_ref idref="fl-13c"/>
      </object_component>
      <object_component id="oc-4e">
         <name>.debug_line</name>
         <load_address>0x3e4</load_address>
         <run_address>0x3e4</run_address>
         <size>0x3a</size>
         <input_file_ref idref="fl-137"/>
      </object_component>
      <object_component id="oc-55">
         <name>.debug_line</name>
         <load_address>0x41e</load_address>
         <run_address>0x41e</run_address>
         <size>0x34</size>
         <input_file_ref idref="fl-139"/>
      </object_component>
      <object_component id="oc-5b">
         <name>.debug_line</name>
         <load_address>0x452</load_address>
         <run_address>0x452</run_address>
         <size>0x86</size>
         <input_file_ref idref="fl-138"/>
      </object_component>
      <object_component id="oc-62">
         <name>.debug_line</name>
         <load_address>0x4d8</load_address>
         <run_address>0x4d8</run_address>
         <size>0x39</size>
         <input_file_ref idref="fl-138"/>
      </object_component>
      <object_component id="oc-66">
         <name>.debug_line</name>
         <load_address>0x511</load_address>
         <run_address>0x511</run_address>
         <size>0x89</size>
         <input_file_ref idref="fl-13d"/>
      </object_component>
      <object_component id="oc-6d">
         <name>.debug_line</name>
         <load_address>0x59a</load_address>
         <run_address>0x59a</run_address>
         <size>0x5f</size>
         <input_file_ref idref="fl-16a"/>
      </object_component>
      <object_component id="oc-71">
         <name>.debug_line</name>
         <load_address>0x5f9</load_address>
         <run_address>0x5f9</run_address>
         <size>0x2c</size>
         <input_file_ref idref="fl-162"/>
      </object_component>
      <object_component id="oc-75">
         <name>.debug_line</name>
         <load_address>0x625</load_address>
         <run_address>0x625</run_address>
         <size>0x63</size>
         <input_file_ref idref="fl-13a"/>
      </object_component>
      <object_component id="oc-7b">
         <name>.debug_line</name>
         <load_address>0x688</load_address>
         <run_address>0x688</run_address>
         <size>0xe1</size>
         <input_file_ref idref="fl-2"/>
      </object_component>
      <object_component id="oc-81">
         <name>.debug_line</name>
         <load_address>0x769</load_address>
         <run_address>0x769</run_address>
         <size>0x20</size>
         <input_file_ref idref="fl-2"/>
      </object_component>
      <object_component id="oc-8c">
         <name>.debug_line</name>
         <load_address>0x789</load_address>
         <run_address>0x789</run_address>
         <size>0x33</size>
         <input_file_ref idref="fl-13e"/>
      </object_component>
      <object_component id="oc-90">
         <name>.debug_line</name>
         <load_address>0x7bc</load_address>
         <run_address>0x7bc</run_address>
         <size>0x5a</size>
         <input_file_ref idref="fl-137"/>
      </object_component>
      <object_component id="oc-94">
         <name>.debug_line</name>
         <load_address>0x816</load_address>
         <run_address>0x816</run_address>
         <size>0x20</size>
         <input_file_ref idref="fl-137"/>
      </object_component>
      <object_component id="oc-97">
         <name>.debug_line</name>
         <load_address>0x836</load_address>
         <run_address>0x836</run_address>
         <size>0x5a</size>
         <input_file_ref idref="fl-139"/>
      </object_component>
      <object_component id="oc-9b">
         <name>.debug_line</name>
         <load_address>0x890</load_address>
         <run_address>0x890</run_address>
         <size>0x20</size>
         <input_file_ref idref="fl-139"/>
      </object_component>
      <object_component id="oc-9e">
         <name>.debug_line</name>
         <load_address>0x8b0</load_address>
         <run_address>0x8b0</run_address>
         <size>0x20</size>
         <input_file_ref idref="fl-138"/>
      </object_component>
      <object_component id="oc-a1">
         <name>.debug_line</name>
         <load_address>0x8d0</load_address>
         <run_address>0x8d0</run_address>
         <size>0xac</size>
         <input_file_ref idref="fl-149"/>
      </object_component>
      <object_component id="oc-a5">
         <name>.debug_line</name>
         <load_address>0x97c</load_address>
         <run_address>0x97c</run_address>
         <size>0xf3</size>
         <input_file_ref idref="fl-14a"/>
      </object_component>
      <object_component id="oc-ab">
         <name>.debug_line</name>
         <load_address>0xa6f</load_address>
         <run_address>0xa6f</run_address>
         <size>0x8bd</size>
         <input_file_ref idref="fl-140"/>
      </object_component>
      <object_component id="oc-b4">
         <name>.debug_line</name>
         <load_address>0x132c</load_address>
         <run_address>0x132c</run_address>
         <size>0x59</size>
         <input_file_ref idref="fl-2"/>
      </object_component>
      <object_component id="oc-bd">
         <name>.debug_line</name>
         <load_address>0x1385</load_address>
         <run_address>0x1385</run_address>
         <size>0x9f</size>
         <input_file_ref idref="fl-162"/>
      </object_component>
      <object_component id="oc-c0">
         <name>.debug_line</name>
         <load_address>0x1424</load_address>
         <run_address>0x1424</run_address>
         <size>0x5a</size>
         <input_file_ref idref="fl-161"/>
      </object_component>
      <object_component id="oc-c5">
         <name>.debug_line</name>
         <load_address>0x147e</load_address>
         <run_address>0x147e</run_address>
         <size>0x2c</size>
         <input_file_ref idref="fl-162"/>
      </object_component>
      <object_component id="oc-cc">
         <name>.debug_line</name>
         <load_address>0x14aa</load_address>
         <run_address>0x14aa</run_address>
         <size>0x21c</size>
         <input_file_ref idref="fl-166"/>
      </object_component>
      <object_component id="oc-d0">
         <name>.debug_line</name>
         <load_address>0x16c6</load_address>
         <run_address>0x16c6</run_address>
         <size>0x18a</size>
         <input_file_ref idref="fl-168"/>
      </object_component>
      <object_component id="oc-d6">
         <name>.debug_line</name>
         <load_address>0x1850</load_address>
         <run_address>0x1850</run_address>
         <size>0x60</size>
         <input_file_ref idref="fl-165"/>
      </object_component>
      <object_component id="oc-db">
         <name>.debug_line</name>
         <load_address>0x18b0</load_address>
         <run_address>0x18b0</run_address>
         <size>0x18d</size>
         <input_file_ref idref="fl-167"/>
      </object_component>
      <object_component id="oc-df">
         <name>.debug_line</name>
         <load_address>0x1a3d</load_address>
         <run_address>0x1a3d</run_address>
         <size>0x494</size>
         <input_file_ref idref="fl-169"/>
      </object_component>
      <object_component id="oc-e5">
         <name>.debug_line</name>
         <load_address>0x1ed1</load_address>
         <run_address>0x1ed1</run_address>
         <size>0x143</size>
         <input_file_ref idref="fl-16b"/>
      </object_component>
      <object_component id="oc-eb">
         <name>.debug_line</name>
         <load_address>0x2014</load_address>
         <run_address>0x2014</run_address>
         <size>0x2b</size>
         <input_file_ref idref="fl-134"/>
      </object_component>
      <object_component id="oc-ee">
         <name>.debug_line</name>
         <load_address>0x203f</load_address>
         <run_address>0x203f</run_address>
         <size>0x2b</size>
         <input_file_ref idref="fl-134"/>
      </object_component>
      <object_component id="oc-f3">
         <name>.debug_line</name>
         <load_address>0x206a</load_address>
         <run_address>0x206a</run_address>
         <size>0x64</size>
         <input_file_ref idref="fl-13f"/>
      </object_component>
      <object_component id="oc-f7">
         <name>.debug_line</name>
         <load_address>0x20ce</load_address>
         <run_address>0x20ce</run_address>
         <size>0x2b</size>
[...]
         <name>__aeabi_memset4</name>
         <value>0x40305f7c</value>
         <object_component_ref idref="oc-143"/>
      </symbol>
      <symbol id="sm-3ee">
         <name>__aeabi_memclr8</name>
         <value>0x40305f78</value>
         <object_component_ref idref="oc-143"/>
      </symbol>
      <symbol id="sm-3ef">
         <name>__aeabi_memclr4</name>
         <value>0x40305f78</value>
         <object_component_ref idref="oc-143"/>
      </symbol>
      <symbol id="sm-3f0">
         <name>__aeabi_memclr</name>
         <value>0x40305f78</value>
         <object_component_ref idref="oc-143"/>
      </symbol>
      <symbol id="sm-3fe">
         <name>strchr</name>
         <value>0x403067e0</value>
         <object_component_ref idref="oc-1c4"/>
      </symbol>
      <symbol id="sm-40b">
         <name>strcmp</name>
         <value>0x40306808</value>
         <object_component_ref idref="oc-1bf"/>
      </symbol>
      <symbol id="sm-418">
         <name>strlen</name>
         <value>0x403068b4</value>
         <object_component_ref idref="oc-10e"/>
      </symbol>
      <symbol id="sm-426">
         <name>strncpy</name>
         <value>0x40306704</value>
         <object_component_ref idref="oc-1c9"/>
      </symbol>
      <symbol id="sm-445">
         <name>HOSTgetenv</name>
         <value>0x40303960</value>
         <object_component_ref idref="oc-237"/>
      </symbol>
      <symbol id="sm-446">
         <name>HOSTrename</name>
         <value>0x40303718</value>
         <object_component_ref idref="oc-237"/>
      </symbol>
      <symbol id="sm-447">
         <name>HOSTclose</name>
         <value>0x403039c8</value>
         <object_component_ref idref="oc-237"/>
      </symbol>
      <symbol id="sm-448">
         <name>HOSTunlink</name>
         <value>0x40303654</value>
         <object_component_ref idref="oc-237"/>
      </symbol>
      <symbol id="sm-449">
         <name>HOSTlseek</name>
         <value>0x403038c0</value>
         <object_component_ref idref="oc-237"/>
      </symbol>
      <symbol id="sm-44a">
         <name>HOSTopen</name>
         <value>0x40303834</value>
         <object_component_ref idref="oc-237"/>
      </symbol>
      <symbol id="sm-44b">
         <name>HOSTclock</name>
         <value>0x40303a30</value>
         <object_component_ref idref="oc-237"/>
      </symbol>
      <symbol id="sm-44c">
         <name>HOSTwrite</name>
         <value>0x403035d0</value>
         <object_component_ref idref="oc-237"/>
      </symbol>
      <symbol id="sm-44d">
         <name>HOSTread</name>
         <value>0x403037b0</value>
         <object_component_ref idref="oc-237"/>
      </symbol>
      <symbol id="sm-44e">
         <name>HOSTtime</name>
         <value>0x403036b8</value>
         <object_component_ref idref="oc-237"/>
      </symbol>
      <symbol id="sm-466">
         <name>__TI_readmsg</name>
         <value>0x403061c4</value>
         <object_component_ref idref="oc-269"/>
      </symbol>
      <symbol id="sm-467">
         <name>C$$IO$$</name>
         <value>0x403061bc</value>
         <object_component_ref idref="oc-269"/>
      </symbol>
      <symbol id="sm-468">
         <name>__CIOBUF_</name>
         <value>0x40307038</value>
         <object_component_ref idref="oc-285"/>
      </symbol>
      <symbol id="sm-469">
         <name>__TI_writemsg</name>
         <value>0x40306174</value>
         <object_component_ref idref="oc-269"/>
      </symbol>
      <symbol id="sm-47b">
         <name>__aeabi_uidivmod</name>
         <value>0x40305c10</value>
         <object_component_ref idref="oc-11e"/>
      </symbol>
      <symbol id="sm-496">
         <name>__aeabi_uldivmod</name>
         <value>0x403045d4</value>
         <object_component_ref idref="oc-11a"/>
      </symbol>
      <symbol id="sm-49f">
         <name>_Dclass</name>
         <value>0x403068fc</value>
         <object_component_ref idref="oc-147"/>
      </symbol>
      <symbol id="sm-4b0">
         <name>_Dtest</name>
         <value>0x40306464</value>
         <object_component_ref idref="oc-1ef"/>
      </symbol>
      <symbol id="sm-4cb">
         <name>__TI_wrt_ok</name>
         <value>0x403057e0</value>
         <object_component_ref idref="oc-fd"/>
      </symbol>
      <symbol id="sm-4cc">
         <name>__TI_rd_ok</name>
         <value>0x40305880</value>
         <object_component_ref idref="oc-fd"/>
      </symbol>
      <symbol id="sm-4e5">
         <name>__TI_doflush</name>
         <value>0x4030558c</value>
         <object_component_ref idref="oc-102"/>
      </symbol>
      <symbol id="sm-4e6">
         <name>fflush</name>
         <value>0x40305610</value>
         <object_component_ref idref="oc-102"/>
      </symbol>
      <symbol id="sm-4f7">
         <name>fseek</name>
         <value>0x40306028</value>
         <object_component_ref idref="oc-1af"/>
      </symbol>
      <symbol id="sm-509">
         <name>__aeabi_idivmod</name>
         <value>0x403058f8</value>
         <object_component_ref idref="oc-1e6"/>
      </symbol>
      <symbol id="sm-523">
         <name>setvbuf</name>
         <value>0x403051a8</value>
         <object_component_ref idref="oc-1b4"/>
      </symbol>
      <symbol id="sm-530">
         <name>strcpy</name>
         <value>0x403068d0</value>
         <object_component_ref idref="oc-26e"/>
      </symbol>
      <symbol id="sm-564">
         <name>__TI_cleanup</name>
         <value>0x4030443c</value>
         <object_component_ref idref="oc-21f"/>
      </symbol>
      <symbol id="sm-565">
         <name>freopen</name>
         <value>0x40304488</value>
         <object_component_ref idref="oc-21f"/>
      </symbol>
      <symbol id="sm-566">
         <name>fopen</name>
         <value>0x403044d4</value>
         <object_component_ref idref="oc-21f"/>
      </symbol>
      <symbol id="sm-5c7">
         <name>_sys_memory</name>
         <value>0x40307a10</value>
         <object_component_ref idref="oc-34"/>
      </symbol>
      <symbol id="sm-5c8">
         <name>free</name>
         <value>0x40302c14</value>
         <object_component_ref idref="oc-195"/>
      </symbol>
      <symbol id="sm-5c9">
         <name>realloc</name>
         <value>0x40302d68</value>
         <object_component_ref idref="oc-195"/>
      </symbol>
      <symbol id="sm-5ca">
         <name>memalign</name>
         <value>0x40302eec</value>
         <object_component_ref idref="oc-195"/>
      </symbol>
      <symbol id="sm-5cb">
         <name>calloc</name>
         <value>0x40303024</value>
         <object_component_ref idref="oc-195"/>
      </symbol>
      <symbol id="sm-5cc">
         <name>malloc</name>
         <value>0x40302b60</value>
         <object_component_ref idref="oc-195"/>
      </symbol>
      <symbol id="sm-5cd">
         <name>minit</name>
         <value>0x40302a68</value>
         <object_component_ref idref="oc-195"/>
      </symbol>
      <symbol id="sm-5e2">
         <name>__TI_closefile</name>
         <value>0x40305b14</value>
         <object_component_ref idref="oc-259"/>
      </symbol>
      <symbol id="sm-5e3">
         <name>fclose</name>
         <value>0x40305bc0</value>
         <object_component_ref idref="oc-259"/>
      </symbol>
      <symbol id="sm-5ee">
         <name>CPUirqd</name>
         <value>0x40306854</value>
         <object_component_ref idref="oc-d4"/>
      </symbol>
      <symbol id="sm-5ef">
         <name>CPUirqe</name>
         <value>0x40306864</value>
         <object_component_ref idref="oc-d4"/>
      </symbol>
      <symbol id="sm-62f">
         <name>GPIOMultiplePinsRead</name>
         <value>0x40303bfc</value>
         <object_component_ref idref="oc-ca"/>
      </symbol>
      <symbol id="sm-630">
         <name>GPIOModuleEnable</name>
         <value>0x40303a9c</value>
         <object_component_ref idref="oc-ca"/>
      </symbol>
      <symbol id="sm-631">
         <name>GPIO1ModuleClkConfig</name>
         <value>0x40303c88</value>
         <object_component_ref idref="oc-ca"/>
      </symbol>
      <symbol id="sm-632">
         <name>GPIO0ModuleClkConfig</name>
         <value>0x40303c20</value>
         <object_component_ref idref="oc-ca"/>
      </symbol>
      <symbol id="sm-633">
         <name>GPIOMultiplePinsWrite</name>
         <value>0x40303bcc</value>
         <object_component_ref idref="oc-ca"/>
      </symbol>
      <symbol id="sm-634">
         <name>GPIO1Pin23PinMuxSetup</name>
         <value>0x40303ed4</value>
         <object_component_ref idref="oc-ca"/>
      </symbol>
      <symbol id="sm-635">
         <name>GPIOPinRead</name>
         <value>0x40303ba4</value>
         <object_component_ref idref="oc-ca"/>
      </symbol>
      <symbol id="sm-636">
         <name>GPIODirModeSet</name>
         <value>0x40303af4</value>
         <object_component_ref idref="oc-ca"/>
      </symbol>
      <symbol id="sm-637">
         <name>GPIOPinWrite</name>
         <value>0x40303b54</value>
         <object_component_ref idref="oc-ca"/>
      </symbol>
      <symbol id="sm-638">
         <name>GPIO3ModuleClkConfig</name>
         <value>0x40303e90</value>
         <object_component_ref idref="oc-ca"/>
      </symbol>
      <symbol id="sm-639">
         <name>GPIOModuleReset</name>
         <value>0x40303ac0</value>
         <object_component_ref idref="oc-ca"/>
      </symbol>
      <symbol id="sm-66a">
         <name>IntUnResetRegister</name>
         <value>0x40304a14</value>
         <object_component_ref idref="oc-d9"/>
      </symbol>
      <symbol id="sm-66b">
         <name>IntHandlerDisable</name>
         <value>0x40304978</value>
         <object_component_ref idref="oc-d9"/>
      </symbol>
      <symbol id="sm-66c">
         <name>IntPrioritySet</name>
         <value>0x4030490c</value>
         <object_component_ref idref="oc-d9"/>
      </symbol>
      <symbol id="sm-66d">
         <name>IntUnRegister</name>
         <value>0x403049f4</value>
         <object_component_ref idref="oc-d9"/>
      </symbol>
      <symbol id="sm-66e">
         <name>IntHandlerEnable</name>
         <value>0x40304944</value>
         <object_component_ref idref="oc-d9"/>
      </symbol>
      <symbol id="sm-66f">
         <name>IntIRQHandler</name>
         <value>0x40304a34</value>
         <object_component_ref idref="oc-d9"/>
      </symbol>
      <symbol id="sm-670">
         <name>IntControllerInit</name>
         <value>0x4030488c</value>
         <object_component_ref idref="oc-d9"/>
      </symbol>
      <symbol id="sm-671">
         <name>IntRegister</name>
         <value>0x403049ac</value>
         <object_component_ref idref="oc-d9"/>
      </symbol>
      <symbol id="sm-672">
         <name>IntResetRegister</name>
         <value>0x403049d0</value>
         <object_component_ref idref="oc-d9"/>
      </symbol>
      <symbol id="sm-673">
         <name>intIrqHandlers</name>
         <value>0x40306c38</value>
         <object_component_ref idref="oc-b7"/>
      </symbol>
      <symbol id="sm-674">
         <name>intIrqResetHandlers</name>
         <value>0x40306e38</value>
         <object_component_ref idref="oc-b9"/>
      </symbol>
      <symbol id="sm-675">
         <name>IntActiveIrqNumGet</name>
         <value>0x40304a74</value>
         <object_component_ref idref="oc-d9"/>
      </symbol>
      <symbol id="sm-68c">
         <name>LedInitRegister</name>
         <value>0x4030544c</value>
         <object_component_ref idref="oc-cf"/>
      </symbol>
      <symbol id="sm-68d">
         <name>LedOn1</name>
         <value>0x403054f8</value>
         <object_component_ref idref="oc-cf"/>
      </symbol>
      <symbol id="sm-68e">
         <name>LedOn0</name>
         <value>0x403054c8</value>
         <object_component_ref idref="oc-cf"/>
      </symbol>
      <symbol id="sm-68f">
         <name>LedOn3</name>
         <value>0x40305558</value>
         <object_component_ref idref="oc-cf"/>
      </symbol>
      <symbol id="sm-690">
         <name>LedOn2</name>
         <value>0x40305528</value>
         <object_component_ref idref="oc-cf"/>
      </symbol>
      <symbol id="sm-691">
         <name>LedOff1</name>
         <value>0x40305510</value>
         <object_component_ref idref="oc-cf"/>
      </symbol>
      <symbol id="sm-692">
         <name>LedOff0</name>
         <value>0x403054e0</value>
         <object_component_ref idref="oc-cf"/>
      </symbol>
      <symbol id="sm-693">
         <name>LedOff3</name>
         <value>0x40305570</value>
         <object_component_ref idref="oc-cf"/>
      </symbol>
      <symbol id="sm-694">
         <name>LedOff2</name>
         <value>0x40305540</value>
         <object_component_ref idref="oc-cf"/>
      </symbol>
      <symbol id="sm-695">
         <name>LedInit3</name>
         <value>0x403054b0</value>
         <object_component_ref idref="oc-cf"/>
      </symbol>
      <symbol id="sm-696">
         <name>LedInit2</name>
         <value>0x40305498</value>
         <object_component_ref idref="oc-cf"/>
      </symbol>
      <symbol id="sm-697">
         <name>LedInit1</name>
         <value>0x40305480</value>
         <object_component_ref idref="oc-cf"/>
      </symbol>
      <symbol id="sm-698">
         <name>LedInit0</name>
         <value>0x40305468</value>
         <object_component_ref idref="oc-cf"/>
      </symbol>
      <symbol id="sm-76f">
         <name>timers</name>
         <value>0x403071f8</value>
      </symbol>
      <symbol id="sm-770">
         <name>ClockModuleEnableCore</name>
         <value>0x403027f4</value>
         <object_component_ref idref="oc-de"/>
      </symbol>
      <symbol id="sm-771">
         <name>TimerConfiguration</name>
         <value>0x40301b78</value>
         <object_component_ref idref="oc-de"/>
      </symbol>
      <symbol id="sm-772">
         <name>SetIrqWakeenMode</name>
         <value>0x40301f6c</value>
         <object_component_ref idref="oc-de"/>
      </symbol>
      <symbol id="sm-773">
         <name>ResetTimer2IrqStatus</name>
         <value>0x403022b4</value>
         <object_component_ref idref="oc-de"/>
      </symbol>
      <symbol id="sm-774">
         <name>ResetTimer6IrqStatus</name>
         <value>0x40302364</value>
         <object_component_ref idref="oc-de"/>
      </symbol>
      <symbol id="sm-775">
         <name>ResetTimer4IrqStatus</name>
         <value>0x4030230c</value>
         <object_component_ref idref="oc-de"/>
      </symbol>
      <symbol id="sm-776">
         <name>ClockModuleEnable</name>
         <value>0x403025a8</value>
         <object_component_ref idref="oc-de"/>
      </symbol>
      <symbol id="sm-777">
         <name>TimerReset</name>
         <value>0x40301924</value>
         <object_component_ref idref="oc-de"/>
      </symbol>
      <symbol id="sm-778">
         <name>TimerDisable</name>
         <value>0x403017fc</value>
         <object_component_ref idref="oc-de"/>
      </symbol>
      <symbol id="sm-779">
         <name>EnablePostedMode</name>
         <value>0x40301f28</value>
         <object_component_ref idref="oc-de"/>
      </symbol>
      <symbol id="sm-77a">
         <name>DisableCore</name>
         <value>0x40301894</value>
         <object_component_ref idref="oc-de"/>
      </symbol>
      <symbol id="sm-77b">
         <name>GetResetTimerFunc</name>
         <value>0x403020cc</value>
         <object_component_ref idref="oc-de"/>
      </symbol>
      <symbol id="sm-77c">
         <name>TimerEnable</name>
         <value>0x403016bc</value>
         <object_component_ref idref="oc-de"/>
      </symbol>
      <symbol id="sm-77d">
         <name>SetIrqMode</name>
         <value>0x4030201c</value>
         <object_component_ref idref="oc-de"/>
      </symbol>
      <symbol id="sm-77e">
         <name>IsClockModuleTimerEnabled</name>
         <value>0x40302468</value>
         <object_component_ref idref="oc-de"/>
      </symbol>
      <symbol id="sm-77f">
         <name>EnableCore</name>
         <value>0x4030178c</value>
         <object_component_ref idref="oc-de"/>
      </symbol>
      <symbol id="sm-780">
         <name>GetTimerInterruptCode</name>
         <value>0x403021f4</value>
         <object_component_ref idref="oc-de"/>
      </symbol>
      <symbol id="sm-781">
         <name>ResetTimerIrqStatusCore</name>
         <value>0x403023bc</value>
         <object_component_ref idref="oc-de"/>
      </symbol>
      <symbol id="sm-782">
         <name>ResetTimer3IrqStatus</name>
         <value>0x403022e0</value>
         <object_component_ref idref="oc-de"/>
      </symbol>
      <symbol id="sm-783">
         <name>ResetTimer1IrqStatus</name>
         <value>0x40302288</value>
         <object_component_ref idref="oc-de"/>
      </symbol>
      <symbol id="sm-784">
         <name>ResetTimer7IrqStatus</name>
         <value>0x40302390</value>
         <object_component_ref idref="oc-de"/>
      </symbol>
      <symbol id="sm-785">
         <name>ResetTimer5IrqStatus</name>
         <value>0x40302338</value>
         <object_component_ref idref="oc-de"/>
      </symbol>
      <symbol id="sm-786">
         <name>ResetCore</name>
         <value>0x403019f4</value>
         <object_component_ref idref="oc-de"/>
      </symbol>
      <symbol id="sm-787">
         <name>GetTimerBaseAddr</name>
         <value>0x40302160</value>
         <object_component_ref idref="oc-de"/>
      </symbol>
      <symbol id="sm-788">
         <name>ConfigurationCore</name>
         <value>0x40301e04</value>
         <object_component_ref idref="oc-de"/>
      </symbol>
      <symbol id="sm-798">
         <name>swi_handler</name>
         <value>0x4030629c</value>
         <object_component_ref idref="oc-6b"/>
      </symbol>
      <symbol id="sm-799">
         <name>irq_handler</name>
         <value>0x40306230</value>
         <object_component_ref idref="oc-6b"/>
      </symbol>
      <symbol id="sm-7d5">
         <name>gRunningThread</name>
         <value>0x403083fc</value>
         <object_component_ref idref="oc-19c"/>
      </symbol>
      <symbol id="sm-7d6">
         <name>getNextProcess</name>
         <value>0x403041d4</value>
         <object_component_ref idref="oc-e3"/>
      </symbol>
      <symbol id="sm-7d7">
         <name>getNextProcessID</name>
         <value>0x40304270</value>
         <object_component_ref idref="oc-e3"/>
      </symbol>
      <symbol id="sm-7d8">
         <name>killThread</name>
         <value>0x40304194</value>
         <object_component_ref idref="oc-e3"/>
      </symbol>
      <symbol id="sm-7d9">
         <name>atomicStart</name>
         <value>0x403042d0</value>
         <object_component_ref idref="oc-e3"/>
      </symbol>
      <symbol id="sm-7da">
         <name>gThreads</name>
         <value>0x40306918</value>
         <object_component_ref idref="oc-19a"/>
      </symbol>
      <symbol id="sm-7db">
         <name>scheduler_startProcess</name>
         <value>0x40303f34</value>
         <object_component_ref idref="oc-e3"/>
      </symbol>
      <symbol id="sm-7dc">
         <name>scheduler_runNextProcess</name>
         <value>0x40304038</value>
         <object_component_ref idref="oc-e3"/>
      </symbol>
      <symbol id="sm-7dd">
         <name>atomicEnd</name>
         <value>0x403042d4</value>
         <object_component_ref idref="oc-e3"/>
      </symbol>
      <symbol id="sm-7de">
         <name>__TI_static_base__</name>
         <value>0x40308510</value>
      </symbol>
      <symbol id="sm-7df">
         <name>__TI_args_main</name>
         <value>0x1</value>
      </symbol>
      <symbol id="sm-7e0">
         <name>SHT$$INIT_ARRAY$$Limit</name>
         <value>0x0</value>
      </symbol>
      <symbol id="sm-7e1">
         <name>SHT$$INIT_ARRAY$$Base</name>
         <value>0x0</value>
      </symbol>
      <symbol id="sm-7e5">
         <name>remove</name>
         <value>0x40303180</value>
      </symbol>
   </symbol_table>
   <title>Link successful</title>
</link_info>
